src/App.tsx(5,11): error TS2741: Property 'onWishCreated' is missing in type '{}' but required in type 'CreateWishProps'.
src/components/Experience/index.tsx(3,31): error TS2307: Cannot find module '../types' or its corresponding type declarations.
src/components/Experience/index.tsx(4,26): error TS2307: Cannot find module './Experience/Entrance' or its corresponding type declarations.
src/components/Experience/index.tsx(5,28): error TS2307: Cannot find module './Experience/MemoryGame' or its corresponding type declarations.
src/components/Experience/index.tsx(6,28): error TS2307: Cannot find module './Experience/CakeReveal' or its corresponding type declarations.
